// Vitest Snapshot v1, https://vitest.dev/guide/snapshot.html

exports[`AboutView.vue > matches snapshot 1`] = `
"<div>
  <h1>Nosotros</h1>
  <p>Bienvenidos</p>
</div>"
`;
